hello
hello world
hello test
hello world
hello world hello
hello world cmd
