a
a
a
a
d
b
d
c
d
a
d
b
d
c
d
a
d
inside while
inside until
