alias a='echo hello'
f
set
command
a is aliased to 'echo hello'
f is a function
set is a special shell builtin
command is a shell builtin
test

test
