correct
correct
correct
a
d
e
f
b
d
e
f
c
d
e
f
a
d
e
f
b
d
e
f
c
d
e
f
a
d
b
d
c
d
in condition
in condition
in condition
in condition
