0
0
hello
0
hello
0
hello
world
0
correct
0
1
0
test
