0
value
0
value2
export export_test_var='value'
export export_test_var2='value2'
