a
b
c
4
a
b
c
4
a
2
a
3
a
b
c
2
a arg1 3
b arg2 5
c arg3 7
7
a arg1 2
b arg2 3
c arg3 4
4
? d
a
b
4
: a
2
