HUP
INT
QUIT
ILL
TRAP
ABRT
BUS
FPE
KILL
USR1
SEGV
USR2
PIPE
ALRM
TERM
CHLD
CONT
STOP
TSTP
TTIN
TTOU
URG
XCPU
XFSZ
VTALRM
PROF
SYS
received SIGTERM
received SIGTERM
received SIGTERM
received SIGTERM
received SIGTERM
received SIGTERM
