*.txt
file1.txt file2.txt filea.txt fileb.txt filec.txt
