trap -- - EXIT
trap -- - HUP
trap -- - INT
trap -- - QUIT
trap -- - ILL
trap -- - TRAP
trap -- - ABRT
trap -- - BUS
trap -- - FPE
trap -- - USR1
trap -- - SEGV
trap -- - USR2
trap -- - PIPE
trap -- - ALRM
trap -- - TERM
trap -- - CHLD
trap -- - CONT
trap -- - TSTP
trap -- - TTIN
trap -- - TTOU
trap -- - URG
trap -- - XCPU
trap -- - XFSZ
trap -- - VTALRM
trap -- - PROF
trap -- - SYS
trap -- 'b' EXIT
trap -- 'a' INT
trap -- 'b' ABRT
trap -- 'b' TERM
trap -- 'b' EXIT
trap -- 'b' ABRT
trap -- 'c' BUS
trap -- 'b' TERM
trap -- 'd' ALRM
trap -- 'd' TERM
