0022
0
u=rwx,g=rx,o=rx
0
0
0777
u=,g=,o=
-rwxr-xr-x
