22
1
-1
-2
1
8
2
2
1
26
18
8
2
1
1
0
0
1
0
2
1
7
0
1
2
3
2
2
5
5
3
3
12
12
6
6
0
0
0
0
0
0
0
0
3
3
7
7
