3
1
6
-6
-6
-6
0
-6
1
14
10
13
16
0
1
1
1
1
1
0
6
4
7
1
0
6
8
7
35
5
0
0
0
0
5
5
