/bin /boot /dev /etc /home /lib /lib32 /lib64 /libx32 /lost+found /media /mnt /opt /proc /recovery /root /run /sbin /srv /sys /tmp /usr /var
1 2 3
