value
value
default
default
default
default
value
value


default
default
