alternative


value
alternative
alternative

value
