7
0
0
ababcbc
ababc
ababcbc
a
ababcbc
abcbc
ababcbc
c
