/home/test
/home/test/dir
/home/test/a:b:/home/test/c
